src/exam/enhanced-exam.service.ts(160,31): error TS18046: 'examSession._id' is of type 'unknown'.
src/exam/enhanced-exam.service.ts(175,15): error TS18046: 'examSession._id' is of type 'unknown'.
src/question-bank/dto/question-bank.dto.ts(37,9): error TS1272: A type referenced in a decorated signature must be imported with 'import type' or a namespace import when 'isolatedModules' and 'emitDecoratorMetadata' are enabled.
src/question-bank/dto/question-bank.dto.ts(41,15): error TS1272: A type referenced in a decorated signature must be imported with 'import type' or a namespace import when 'isolatedModules' and 'emitDecoratorMetadata' are enabled.
src/question-bank/dto/question-bank.dto.ts(158,16): error TS1272: A type referenced in a decorated signature must be imported with 'import type' or a namespace import when 'isolatedModules' and 'emitDecoratorMetadata' are enabled.
src/question-bank/dto/question-bank.dto.ts(265,16): error TS1272: A type referenced in a decorated signature must be imported with 'import type' or a namespace import when 'isolatedModules' and 'emitDecoratorMetadata' are enabled.
src/quiz/enhanced-quiz.controller.ts(33,11): error TS2322: Type '{ subjectId: string; gradeId?: string; unitNumber?: number; unitTitle?: string; subunitNumber?: string; difficulty?: "easy" | "medium" | "hard" | "mixed"; questionCount?: number; questionTypes?: string[]; studentId: any; }' is not assignable to type 'QuizConfig'.
  Types of property 'questionTypes' are incompatible.
    Type 'string[] | undefined' is not assignable to type 'QuestionType[] | undefined'.
      Type 'string[]' is not assignable to type 'QuestionType[]'.
        Type 'string' is not assignable to type 'QuestionType'.
src/summary/summary.controller.spec.ts(2,10): error TS2724: '"./summary.controller"' has no exported member named 'SummaryController'. Did you mean 'SummarizeController'?
